# client: bob
# len: 10 B
0a0812061001180f200f
{
  "envelope": [
    {
      "pos": {
        "map_id": 1,
        "x": 15,
        "y": 15
      }
    }
  ]
}
