# client: alice
# len: 12 B
0a0a120808071001180e200e
{
  "envelope": [
    {
      "pos": {
        "id": 7,
        "map_id": 1,
        "x": 14,
        "y": 14
      }
    }
  ]
}
