[
  {
    "l": {
      "0": {
        "char": ".",
        "color": {
          "h": 1,
          "s": 1,
          "v": 1
        }
      },
      "1": {
        "char": "#",
        "color": {
          "h": 1,
          "s": 1,
          "v": 1
        }
      }
    }
  }
]
