[
  {
    "m": "You say, 'hello'"
  },
  {
    "m": "They say, 'hi!'"
  },
  {
    "m": "They say, 'hi'"
  }
]
