# client: alice
# len: 36 B
0a220a200a1e426f62206869747320796f7520666f722031302e31252064616d61676521
{
  "envelope": [
    {
      "msg": {
        "text": "Bob hits you for 10.1% damage!"
      }
    }
  ]
}
