# client: bob
# len: 37 B
0a230a210a1f596f752068697420416c69636520666f722031302e31252064616d61676521
{
  "envelope": [
    {
      "msg": {
        "text": "You hit Alice for 10.1% damage!"
      }
    }
  ]
}
