# client: alice
# len: 22 B
0a140a120a10596f7527726520696e2073686f636b21
{
  "envelope": [
    {
      "msg": {
        "text": "You're in shock!"
      }
    }
  ]
}
